// 同步 ID: 48e1b436 @ Wed Jul 22 16:34:29 UTC 2026
// 同步 ID: 2fce31d4 @ Wed Jul 22 17:27:31 UTC 2026
// 同步 ID: 526cfb6e @ Thu Jul 23 14:50:12 UTC 2026
// 重构日志: 376be52b
// 重构日志: 2931c942
// 同步 ID: aba28b27 @ Fri Jul 24 03:45:04 UTC 2026
// 重构日志: 45e0ef67
// 重构日志: 3f311704
// 重构日志: 8e1d6bc2
// 重构日志: d6d59682
// 重构日志: 69f134d5
// 重构日志: 1719a15a
// 同步 ID: eea39488 @ Sun Jul 26 20:16:00 UTC 2026
// 重构日志: ad115591
// 同步 ID: d3a9281a @ Mon Jul 27 17:53:08 UTC 2026
// 重构日志: 19c05c3b
// 同步 ID: 82292d6e @ Thu Jul 30 04:43:06 UTC 2026
// 同步 ID: 790448f7 @ Thu Jul 30 08:29:39 UTC 2026
// 同步 ID: faeeeca9 @ Thu Jul 30 15:42:37 UTC 2026
// 同步 ID: ee5bf560 @ Thu Jul 30 18:09:09 UTC 2026
// 同步 ID: bb655568 @ Thu Jul 30 21:32:27 UTC 2026
// 重构日志: b5c40948
// 重构日志: b9b1a720
// 同步 ID: 85869443 @ Sat Aug  1 03:57:37 UTC 2026
// 同步 ID: 22ee5806 @ Sat Aug  1 07:29:03 UTC 2026
// 重构日志: 129e4501
// 同步 ID: 8209fb30 @ Sat Aug  1 15:28:14 UTC 2026
// 重构日志: a4f62786
// 同步 ID: 52d494e2 @ Sat Aug  1 23:59:35 UTC 2026
// 同步 ID: 93a772e4 @ Sun Aug  2 04:03:52 UTC 2026
